// Jest Snapshot v1, https://goo.gl/fbAQLP

exports[`Pruebas en primeraApp.js debe mostrar <PrimeraApp /> correctamente 1`] = `
<Fragment>
  <h1>
    hola, soy pipe
  </h1>
  <p>
    Soy un subtitulo
  </p>
</Fragment>
`;
